// Jest Snapshot v1, https://goo.gl/fbAQLP

exports[`one-app-dev-cdn module-map.json uses the local map overriding the cdn url placeholder with the one-app-dev-cdn url 1`] = `
Object {
  "key": "not-used-in-development",
  "modules": Object {
    "module-a": Object {
      "browser": Object {
        "integrity": "234",
        "url": "http://localhost:3001/module-a/1.0.0/module-a.browser.js",
      },
      "legacyBrowser": Object {
        "integrity": "345",
        "url": "http://localhost:3001/module-a/1.0.0/module-a.legacy.browser.js",
      },
      "node": Object {
        "integrity": "123",
        "url": "http://localhost:3001/module-a/1.0.0/module-a.node.js",
      },
    },
  },
}
`;

exports[`one-app-dev-cdn usage should throw if appPort is not given 1`] = `"appPort is a required param"`;

exports[`one-app-dev-cdn usage should throw if localDevPublicPath is not given 1`] = `"localDevPublicPath is a required param"`;

exports[`one-app-dev-cdn usage should throw if neither remoteModuleMapUrl nor useLocalModules is given 1`] = `"remoteModuleMapUrl is a required param when useLocalModules is not true"`;
